[INFO] Scanning for projects...
[INFO] ------------------------------------------------------------------------
[INFO] Reactor Build Order:
[INFO] 
[INFO] FlowX Platform                                                     [pom]
[INFO] flowx-common                                                       [jar]
[INFO] flowx-infrastructure                                               [jar]
[INFO] flowx-auth                                                         [jar]
[INFO] flowx-user                                                         [jar]
[INFO] flowx-system                                                       [jar]
[INFO] flowx-workflow                                                     [jar]
[INFO] flowx-message                                                      [jar]
[INFO] flowx-approval                                                     [jar]
[INFO] flowx-file                                                         [jar]
[INFO] flowx-report                                                       [jar]
[INFO] flowx-ai                                                           [jar]
[INFO] flowx-admin                                                        [jar]
[INFO] 
[INFO] ----------------------< com.flowx:flowx-platform >----------------------
[INFO] Building FlowX Platform 1.0.0-SNAPSHOT                            [1/13]
[INFO]   from pom.xml
[INFO] --------------------------------[ pom ]---------------------------------
[INFO] 
[INFO] --- clean:3.2.0:clean (default-clean) @ flowx-platform ---
[INFO] 
[INFO] -----------------------< com.flowx:flowx-common >-----------------------
[INFO] Building flowx-common 1.0.0-SNAPSHOT                              [2/13]
[INFO]   from flowx-common\pom.xml
[INFO] --------------------------------[ jar ]---------------------------------
[INFO] 
[INFO] --- clean:3.2.0:clean (default-clean) @ flowx-common ---
[INFO] Deleting D:\yangleduo\Code\Java\EnterpriseSaaSPlatform\flowx-common\target
[INFO] 
[INFO] --- resources:3.4.0:resources (default-resources) @ flowx-common ---
[INFO] Copying 0 resource from src\main\resources to target\classes
[INFO] 
[INFO] --- compiler:3.13.0:compile (default-compile) @ flowx-common ---
[INFO] Recompiling the module because of changed source code.
[INFO] Compiling 35 source files with javac [debug target 21] to target\classes
[WARNING] 以下选项未被任何处理程序识别: '[mapstruct.unmappedTargetPolicy]'
[INFO] 
[INFO] -------------------< com.flowx:flowx-infrastructure >-------------------
[INFO] Building flowx-infrastructure 1.0.0-SNAPSHOT                      [3/13]
[INFO]   from flowx-infrastructure\pom.xml
[INFO] --------------------------------[ jar ]---------------------------------
[INFO] 
[INFO] --- clean:3.2.0:clean (default-clean) @ flowx-infrastructure ---
[INFO] Deleting D:\yangleduo\Code\Java\EnterpriseSaaSPlatform\flowx-infrastructure\target
[INFO] 
[INFO] --- resources:3.4.0:resources (default-resources) @ flowx-infrastructure ---
[INFO] Copying 0 resource from src\main\resources to target\classes
[INFO] 
[INFO] --- compiler:3.13.0:compile (default-compile) @ flowx-infrastructure ---
[INFO] Recompiling the module because of changed dependency.
[INFO] Compiling 17 source files with javac [debug target 21] to target\classes
[WARNING] 以下选项未被任何处理程序识别: '[mapstruct.unmappedTargetPolicy]'
[INFO] /D:/yangleduo/Code/Java/EnterpriseSaaSPlatform/flowx-infrastructure/src/main/java/com/flowx/infrastructure/config/MyBatisFlexConfig.java: D:\yangleduo\Code\Java\EnterpriseSaaSPlatform\flowx-infrastructure\src\main\java\com\flowx\infrastructure\config\MyBatisFlexConfig.java使用或覆盖了已过时的 API。
[INFO] /D:/yangleduo/Code/Java/EnterpriseSaaSPlatform/flowx-infrastructure/src/main/java/com/flowx/infrastructure/config/MyBatisFlexConfig.java: 有关详细信息, 请使用 -Xlint:deprecation 重新编译。
[INFO] 
[INFO] ------------------------< com.flowx:flowx-auth >------------------------
[INFO] Building flowx-auth 1.0.0-SNAPSHOT                                [4/13]
[INFO]   from flowx-auth\pom.xml
[INFO] --------------------------------[ jar ]---------------------------------
[INFO] 
[INFO] --- clean:3.2.0:clean (default-clean) @ flowx-auth ---
[INFO] Deleting D:\yangleduo\Code\Java\EnterpriseSaaSPlatform\flowx-auth\target
[INFO] 
[INFO] --- resources:3.4.0:resources (default-resources) @ flowx-auth ---
[INFO] Copying 0 resource from src\main\resources to target\classes
[INFO] 
[INFO] --- compiler:3.13.0:compile (default-compile) @ flowx-auth ---
[INFO] Recompiling the module because of changed dependency.
[INFO] Compiling 13 source files with javac [debug target 21] to target\classes
[WARNING] 以下选项未被任何处理程序识别: '[mapstruct.unmappedTargetPolicy]'
[INFO] 
[INFO] ------------------------< com.flowx:flowx-user >------------------------
[INFO] Building flowx-user 1.0.0-SNAPSHOT                                [5/13]
[INFO]   from flowx-user\pom.xml
[INFO] --------------------------------[ jar ]---------------------------------
[INFO] 
[INFO] --- clean:3.2.0:clean (default-clean) @ flowx-user ---
[INFO] Deleting D:\yangleduo\Code\Java\EnterpriseSaaSPlatform\flowx-user\target
[INFO] 
[INFO] --- resources:3.4.0:resources (default-resources) @ flowx-user ---
[INFO] Copying 2 resources from src\main\resources to target\classes
[INFO] 
[INFO] --- compiler:3.13.0:compile (default-compile) @ flowx-user ---
[INFO] Recompiling the module because of changed dependency.
[INFO] Compiling 46 source files with javac [debug target 21] to target\classes
[INFO] -------------------------------------------------------------
[ERROR] COMPILATION ERROR : 
[INFO] -------------------------------------------------------------
[ERROR] /D:/yangleduo/Code/Java/EnterpriseSaaSPlatform/flowx-user/src/main/java/com/flowx/user/service/impl/RoleServiceImpl.java:[215,25] 类型com.mybatisflex.core.query.QueryWrapper不带有参数
[ERROR] /D:/yangleduo/Code/Java/EnterpriseSaaSPlatform/flowx-user/src/main/java/com/flowx/user/service/impl/UserServiceImpl.java:[299,25] 类型com.mybatisflex.core.query.QueryWrapper不带有参数
[ERROR] /D:/yangleduo/Code/Java/EnterpriseSaaSPlatform/flowx-user/src/main/java/com/flowx/user/controller/RoleController.java:[98,44] 找不到符号
  符号:   方法 getMenuIds()
  位置: 类型为com.flowx.user.controller.RoleController.MenuAssignRequest的变量 request
[ERROR] /D:/yangleduo/Code/Java/EnterpriseSaaSPlatform/flowx-user/src/main/java/com/flowx/user/controller/UserController.java:[98,46] 找不到符号
  符号:   方法 getNewPassword()
  位置: 类型为com.flowx.user.controller.UserController.PasswordResetRequest的变量 request
[ERROR] /D:/yangleduo/Code/Java/EnterpriseSaaSPlatform/flowx-user/src/main/java/com/flowx/user/controller/UserController.java:[111,44] 找不到符号
  符号:   方法 getRoleIds()
  位置: 类型为com.flowx.user.controller.UserController.RoleAssignRequest的变量 request
[ERROR] /D:/yangleduo/Code/Java/EnterpriseSaaSPlatform/flowx-user/src/main/java/com/flowx/user/service/impl/DeptServiceImpl.java:[49,32] 找不到符号
  符号:   方法 getDeptName()
  位置: 类型为com.flowx.user.dto.DeptDTO的变量 dto
[ERROR] /D:/yangleduo/Code/Java/EnterpriseSaaSPlatform/flowx-user/src/main/java/com/flowx/user/service/impl/DeptServiceImpl.java:[54,17] 找不到符号
  符号:   方法 getSort()
  位置: 类型为com.flowx.user.entity.SysDept的变量 dept
[ERROR] /D:/yangleduo/Code/Java/EnterpriseSaaSPlatform/flowx-user/src/main/java/com/flowx/user/service/impl/DeptServiceImpl.java:[55,17] 找不到符号
  符号:   方法 setSort(int)
  位置: 类型为com.flowx.user.entity.SysDept的变量 dept
[ERROR] /D:/yangleduo/Code/Java/EnterpriseSaaSPlatform/flowx-user/src/main/java/com/flowx/user/service/impl/DeptServiceImpl.java:[57,17] 找不到符号
  符号:   方法 getOrderNum()
  位置: 类型为com.flowx.user.entity.SysDept的变量 dept
[ERROR] /D:/yangleduo/Code/Java/EnterpriseSaaSPlatform/flowx-user/src/main/java/com/flowx/user/service/impl/DeptServiceImpl.java:[58,17] 找不到符号
  符号:   方法 setOrderNum(int)
  位置: 类型为com.flowx.user.entity.SysDept的变量 dept
[ERROR] /D:/yangleduo/Code/Java/EnterpriseSaaSPlatform/flowx-user/src/main/java/com/flowx/user/service/impl/DeptServiceImpl.java:[60,17] 找不到符号
  符号:   方法 getStatus()
  位置: 类型为com.flowx.user.entity.SysDept的变量 dept
[ERROR] /D:/yangleduo/Code/Java/EnterpriseSaaSPlatform/flowx-user/src/main/java/com/flowx/user/service/impl/DeptServiceImpl.java:[61,17] 找不到符号
  符号:   方法 setStatus(int)
  位置: 类型为com.flowx.user.entity.SysDept的变量 dept
[ERROR] /D:/yangleduo/Code/Java/EnterpriseSaaSPlatform/flowx-user/src/main/java/com/flowx/user/service/impl/DeptServiceImpl.java:[65,9] 找不到符号
  符号:   变量 log
  位置: 类 com.flowx.user.service.impl.DeptServiceImpl
[ERROR] /D:/yangleduo/Code/Java/EnterpriseSaaSPlatform/flowx-user/src/main/java/com/flowx/user/service/impl/DeptServiceImpl.java:[65,48] 找不到符号
  符号:   方法 getDeptName()
  位置: 类型为com.flowx.user.entity.SysDept的变量 dept
[ERROR] /D:/yangleduo/Code/Java/EnterpriseSaaSPlatform/flowx-user/src/main/java/com/flowx/user/service/impl/DeptServiceImpl.java:[79,16] 找不到符号
  符号:   方法 getParentId()
  位置: 类型为com.flowx.user.dto.DeptDTO的变量 dto
[ERROR] /D:/yangleduo/Code/Java/EnterpriseSaaSPlatform/flowx-user/src/main/java/com/flowx/user/service/impl/DeptServiceImpl.java:[79,45] 找不到符号
  符号:   方法 getParentId()
  位置: 类型为com.flowx.user.dto.DeptDTO的变量 dto
[ERROR] /D:/yangleduo/Code/Java/EnterpriseSaaSPlatform/flowx-user/src/main/java/com/flowx/user/service/impl/DeptServiceImpl.java:[84,19] 找不到符号
  符号:   方法 updateById(com.flowx.user.entity.SysDept)
  位置: 类型为com.flowx.user.mapper.SysDeptMapper的变量 deptMapper
[ERROR] /D:/yangleduo/Code/Java/EnterpriseSaaSPlatform/flowx-user/src/main/java/com/flowx/user/service/impl/DeptServiceImpl.java:[85,9] 找不到符号
  符号:   变量 log
  位置: 类 com.flowx.user.service.impl.DeptServiceImpl
[ERROR] /D:/yangleduo/Code/Java/EnterpriseSaaSPlatform/flowx-user/src/main/java/com/flowx/user/service/impl/DeptServiceImpl.java:[96,21] 类型com.mybatisflex.core.query.QueryWrapper不带有参数
[ERROR] /D:/yangleduo/Code/Java/EnterpriseSaaSPlatform/flowx-user/src/main/java/com/flowx/user/service/impl/DeptServiceImpl.java:[105,9] 找不到符号
  符号:   变量 log
  位置: 类 com.flowx.user.service.impl.DeptServiceImpl
[ERROR] /D:/yangleduo/Code/Java/EnterpriseSaaSPlatform/flowx-user/src/main/java/com/flowx/user/service/impl/DeptServiceImpl.java:[110,21] 类型com.mybatisflex.core.query.QueryWrapper不带有参数
[ERROR] /D:/yangleduo/Code/Java/EnterpriseSaaSPlatform/flowx-user/src/main/java/com/flowx/user/service/impl/DeptServiceImpl.java:[118,21] 类型com.mybatisflex.core.query.QueryWrapper不带有参数
[ERROR] /D:/yangleduo/Code/Java/EnterpriseSaaSPlatform/flowx-user/src/main/java/com/flowx/user/service/impl/DeptServiceImpl.java:[136,37] 找不到符号
  符号:   方法 getParentId()
  位置: 类型为com.flowx.user.vo.DeptVO的变量 dept
[ERROR] /D:/yangleduo/Code/Java/EnterpriseSaaSPlatform/flowx-user/src/main/java/com/flowx/user/service/impl/DeptServiceImpl.java:[137,66] 找不到符号
  符号:   方法 getId()
  位置: 类型为com.flowx.user.vo.DeptVO的变量 dept
[ERROR] /D:/yangleduo/Code/Java/EnterpriseSaaSPlatform/flowx-user/src/main/java/com/flowx/user/service/impl/DeptServiceImpl.java:[138,21] 找不到符号
  符号:   方法 setChildren(java.util.List<com.flowx.user.vo.DeptVO>)
  位置: 类型为com.flowx.user.vo.DeptVO的变量 dept
[ERROR] /D:/yangleduo/Code/Java/EnterpriseSaaSPlatform/flowx-user/src/main/java/com/flowx/user/service/impl/MenuServiceImpl.java:[49,32] 找不到符号
  符号:   方法 getMenuName()
  位置: 类型为com.flowx.user.dto.MenuDTO的变量 dto
[ERROR] /D:/yangleduo/Code/Java/EnterpriseSaaSPlatform/flowx-user/src/main/java/com/flowx/user/service/impl/MenuServiceImpl.java:[50,31] 找不到符号
  符号:   方法 getMenuType()
  位置: 类型为com.flowx.user.dto.MenuDTO的变量 dto
[ERROR] /D:/yangleduo/Code/Java/EnterpriseSaaSPlatform/flowx-user/src/main/java/com/flowx/user/service/impl/MenuServiceImpl.java:[55,17] 找不到符号
  符号:   方法 getSort()
  位置: 类型为com.flowx.user.entity.SysMenu的变量 menu
[ERROR] /D:/yangleduo/Code/Java/EnterpriseSaaSPlatform/flowx-user/src/main/java/com/flowx/user/service/impl/MenuServiceImpl.java:[56,17] 找不到符号
  符号:   方法 setSort(int)
  位置: 类型为com.flowx.user.entity.SysMenu的变量 menu
[ERROR] /D:/yangleduo/Code/Java/EnterpriseSaaSPlatform/flowx-user/src/main/java/com/flowx/user/service/impl/MenuServiceImpl.java:[58,17] 找不到符号
  符号:   方法 getVisible()
  位置: 类型为com.flowx.user.entity.SysMenu的变量 menu
[ERROR] /D:/yangleduo/Code/Java/EnterpriseSaaSPlatform/flowx-user/src/main/java/com/flowx/user/service/impl/MenuServiceImpl.java:[59,17] 找不到符号
  符号:   方法 setVisible(int)
  位置: 类型为com.flowx.user.entity.SysMenu的变量 menu
[ERROR] /D:/yangleduo/Code/Java/EnterpriseSaaSPlatform/flowx-user/src/main/java/com/flowx/user/service/impl/MenuServiceImpl.java:[61,17] 找不到符号
  符号:   方法 getStatus()
  位置: 类型为com.flowx.user.entity.SysMenu的变量 menu
[ERROR] /D:/yangleduo/Code/Java/EnterpriseSaaSPlatform/flowx-user/src/main/java/com/flowx/user/service/impl/MenuServiceImpl.java:[62,17] 找不到符号
  符号:   方法 setStatus(int)
  位置: 类型为com.flowx.user.entity.SysMenu的变量 menu
[ERROR] /D:/yangleduo/Code/Java/EnterpriseSaaSPlatform/flowx-user/src/main/java/com/flowx/user/service/impl/MenuServiceImpl.java:[66,9] 找不到符号
  符号:   变量 log
  位置: 类 com.flowx.user.service.impl.MenuServiceImpl
[ERROR] /D:/yangleduo/Code/Java/EnterpriseSaaSPlatform/flowx-user/src/main/java/com/flowx/user/service/impl/MenuServiceImpl.java:[66,42] 找不到符号
  符号:   方法 getMenuName()
  位置: 类型为com.flowx.user.entity.SysMenu的变量 menu
[ERROR] /D:/yangleduo/Code/Java/EnterpriseSaaSPlatform/flowx-user/src/main/java/com/flowx/user/service/impl/MenuServiceImpl.java:[80,16] 找不到符号
  符号:   方法 getParentId()
  位置: 类型为com.flowx.user.dto.MenuDTO的变量 dto
[ERROR] /D:/yangleduo/Code/Java/EnterpriseSaaSPlatform/flowx-user/src/main/java/com/flowx/user/service/impl/MenuServiceImpl.java:[80,45] 找不到符号
  符号:   方法 getParentId()
  位置: 类型为com.flowx.user.dto.MenuDTO的变量 dto
[ERROR] /D:/yangleduo/Code/Java/EnterpriseSaaSPlatform/flowx-user/src/main/java/com/flowx/user/service/impl/MenuServiceImpl.java:[85,19] 找不到符号
  符号:   方法 updateById(com.flowx.user.entity.SysMenu)
  位置: 类型为com.flowx.user.mapper.SysMenuMapper的变量 menuMapper
[ERROR] /D:/yangleduo/Code/Java/EnterpriseSaaSPlatform/flowx-user/src/main/java/com/flowx/user/service/impl/MenuServiceImpl.java:[86,9] 找不到符号
  符号:   变量 log
  位置: 类 com.flowx.user.service.impl.MenuServiceImpl
[ERROR] /D:/yangleduo/Code/Java/EnterpriseSaaSPlatform/flowx-user/src/main/java/com/flowx/user/service/impl/MenuServiceImpl.java:[97,21] 类型com.mybatisflex.core.query.QueryWrapper不带有参数
[ERROR] /D:/yangleduo/Code/Java/EnterpriseSaaSPlatform/flowx-user/src/main/java/com/flowx/user/service/impl/MenuServiceImpl.java:[106,9] 找不到符号
  符号:   变量 log
  位置: 类 com.flowx.user.service.impl.MenuServiceImpl
[ERROR] /D:/yangleduo/Code/Java/EnterpriseSaaSPlatform/flowx-user/src/main/java/com/flowx/user/service/impl/MenuServiceImpl.java:[111,21] 类型com.mybatisflex.core.query.QueryWrapper不带有参数
[ERROR] /D:/yangleduo/Code/Java/EnterpriseSaaSPlatform/flowx-user/src/main/java/com/flowx/user/service/impl/MenuServiceImpl.java:[145,58] 找不到符号
  符号:   方法 getPermission()
  位置: 类型为com.flowx.user.entity.SysMenu的变量 menu
[ERROR] /D:/yangleduo/Code/Java/EnterpriseSaaSPlatform/flowx-user/src/main/java/com/flowx/user/service/impl/MenuServiceImpl.java:[165,37] 找不到符号
  符号:   方法 getParentId()
  位置: 类型为com.flowx.user.vo.MenuVO的变量 menu
[ERROR] /D:/yangleduo/Code/Java/EnterpriseSaaSPlatform/flowx-user/src/main/java/com/flowx/user/service/impl/MenuServiceImpl.java:[166,66] 找不到符号
  符号:   方法 getId()
  位置: 类型为com.flowx.user.vo.MenuVO的变量 menu
[ERROR] /D:/yangleduo/Code/Java/EnterpriseSaaSPlatform/flowx-user/src/main/java/com/flowx/user/service/impl/MenuServiceImpl.java:[167,21] 找不到符号
  符号:   方法 setChildren(java.util.List<com.flowx.user.vo.MenuVO>)
  位置: 类型为com.flowx.user.vo.MenuVO的变量 menu
[ERROR] /D:/yangleduo/Code/Java/EnterpriseSaaSPlatform/flowx-user/src/main/java/com/flowx/user/service/impl/PositionServiceImpl.java:[47,32] 找不到符号
  符号:   方法 getPositionName()
  位置: 类型为com.flowx.user.dto.PositionDTO的变量 dto
[ERROR] /D:/yangleduo/Code/Java/EnterpriseSaaSPlatform/flowx-user/src/main/java/com/flowx/user/service/impl/PositionServiceImpl.java:[48,32] 找不到符号
  符号:   方法 getPositionCode()
  位置: 类型为com.flowx.user.dto.PositionDTO的变量 dto
[ERROR] /D:/yangleduo/Code/Java/EnterpriseSaaSPlatform/flowx-user/src/main/java/com/flowx/user/service/impl/PositionServiceImpl.java:[51,21] 类型com.mybatisflex.core.query.QueryWrapper不带有参数
[ERROR] /D:/yangleduo/Code/Java/EnterpriseSaaSPlatform/flowx-user/src/main/java/com/flowx/user/service/impl/PositionServiceImpl.java:[52,40] 找不到符号
  符号:   方法 getPositionCode()
  位置: 类型为com.flowx.user.dto.PositionDTO的变量 dto
[ERROR] /D:/yangleduo/Code/Java/EnterpriseSaaSPlatform/flowx-user/src/main/java/com/flowx/user/service/impl/PositionServiceImpl.java:[61,21] 找不到符号
  符号:   方法 getSort()
  位置: 类型为com.flowx.user.entity.SysPosition的变量 position
[ERROR] /D:/yangleduo/Code/Java/EnterpriseSaaSPlatform/flowx-user/src/main/java/com/flowx/user/service/impl/PositionServiceImpl.java:[62,21] 找不到符号
  符号:   方法 setSort(int)
  位置: 类型为com.flowx.user.entity.SysPosition的变量 position
[ERROR] /D:/yangleduo/Code/Java/EnterpriseSaaSPlatform/flowx-user/src/main/java/com/flowx/user/service/impl/PositionServiceImpl.java:[64,21] 找不到符号
  符号:   方法 getStatus()
  位置: 类型为com.flowx.user.entity.SysPosition的变量 position
[ERROR] /D:/yangleduo/Code/Java/EnterpriseSaaSPlatform/flowx-user/src/main/java/com/flowx/user/service/impl/PositionServiceImpl.java:[65,21] 找不到符号
  符号:   方法 setStatus(int)
  位置: 类型为com.flowx.user.entity.SysPosition的变量 position
[ERROR] /D:/yangleduo/Code/Java/EnterpriseSaaSPlatform/flowx-user/src/main/java/com/flowx/user/service/impl/PositionServiceImpl.java:[69,9] 找不到符号
  符号:   变量 log
  位置: 类 com.flowx.user.service.impl.PositionServiceImpl
[ERROR] /D:/yangleduo/Code/Java/EnterpriseSaaSPlatform/flowx-user/src/main/java/com/flowx/user/service/impl/PositionServiceImpl.java:[69,50] 找不到符号
  符号:   方法 getPositionName()
  位置: 类型为com.flowx.user.entity.SysPosition的变量 position
[ERROR] /D:/yangleduo/Code/Java/EnterpriseSaaSPlatform/flowx-user/src/main/java/com/flowx/user/service/impl/PositionServiceImpl.java:[83,36] 找不到符号
  符号:   方法 getPositionCode()
  位置: 类型为com.flowx.user.dto.PositionDTO的变量 dto
[ERROR] /D:/yangleduo/Code/Java/EnterpriseSaaSPlatform/flowx-user/src/main/java/com/flowx/user/service/impl/PositionServiceImpl.java:[83,63] 找不到符号
  符号:   方法 getPositionCode()
  位置: 类型为com.flowx.user.dto.PositionDTO的变量 dto
[ERROR] /D:/yangleduo/Code/Java/EnterpriseSaaSPlatform/flowx-user/src/main/java/com/flowx/user/service/impl/PositionServiceImpl.java:[83,97] 找不到符号
  符号:   方法 getPositionCode()
  位置: 类型为com.flowx.user.entity.SysPosition的变量 position
[ERROR] /D:/yangleduo/Code/Java/EnterpriseSaaSPlatform/flowx-user/src/main/java/com/flowx/user/service/impl/PositionServiceImpl.java:[84,25] 类型com.mybatisflex.core.query.QueryWrapper不带有参数
[ERROR] /D:/yangleduo/Code/Java/EnterpriseSaaSPlatform/flowx-user/src/main/java/com/flowx/user/service/impl/PositionServiceImpl.java:[85,44] 找不到符号
  符号:   方法 getPositionCode()
  位置: 类型为com.flowx.user.dto.PositionDTO的变量 dto
[ERROR] /D:/yangleduo/Code/Java/EnterpriseSaaSPlatform/flowx-user/src/main/java/com/flowx/user/service/impl/PositionServiceImpl.java:[94,23] 找不到符号
  符号:   方法 updateById(com.flowx.user.entity.SysPosition)
  位置: 类型为com.flowx.user.mapper.SysPositionMapper的变量 positionMapper
[ERROR] /D:/yangleduo/Code/Java/EnterpriseSaaSPlatform/flowx-user/src/main/java/com/flowx/user/service/impl/PositionServiceImpl.java:[95,9] 找不到符号
  符号:   变量 log
  位置: 类 com.flowx.user.service.impl.PositionServiceImpl
[ERROR] /D:/yangleduo/Code/Java/EnterpriseSaaSPlatform/flowx-user/src/main/java/com/flowx/user/service/impl/PositionServiceImpl.java:[107,9] 找不到符号
  符号:   变量 log
  位置: 类 com.flowx.user.service.impl.PositionServiceImpl
[ERROR] /D:/yangleduo/Code/Java/EnterpriseSaaSPlatform/flowx-user/src/main/java/com/flowx/user/service/impl/PositionServiceImpl.java:[112,21] 类型com.mybatisflex.core.query.QueryWrapper不带有参数
[ERROR] /D:/yangleduo/Code/Java/EnterpriseSaaSPlatform/flowx-user/src/main/java/com/flowx/user/service/impl/RoleServiceImpl.java:[58,32] 找不到符号
  符号:   方法 getRoleName()
  位置: 类型为com.flowx.user.dto.RoleDTO的变量 dto
[ERROR] /D:/yangleduo/Code/Java/EnterpriseSaaSPlatform/flowx-user/src/main/java/com/flowx/user/service/impl/RoleServiceImpl.java:[59,32] 找不到符号
  符号:   方法 getRoleKey()
  位置: 类型为com.flowx.user.dto.RoleDTO的变量 dto
[ERROR] /D:/yangleduo/Code/Java/EnterpriseSaaSPlatform/flowx-user/src/main/java/com/flowx/user/service/impl/RoleServiceImpl.java:[62,21] 类型com.mybatisflex.core.query.QueryWrapper不带有参数
[ERROR] /D:/yangleduo/Code/Java/EnterpriseSaaSPlatform/flowx-user/src/main/java/com/flowx/user/service/impl/RoleServiceImpl.java:[63,35] 找不到符号
  符号:   方法 getRoleKey()
  位置: 类型为com.flowx.user.dto.RoleDTO的变量 dto
[ERROR] /D:/yangleduo/Code/Java/EnterpriseSaaSPlatform/flowx-user/src/main/java/com/flowx/user/service/impl/RoleServiceImpl.java:[72,17] 找不到符号
  符号:   方法 getSort()
  位置: 类型为com.flowx.user.entity.SysRole的变量 role
[ERROR] /D:/yangleduo/Code/Java/EnterpriseSaaSPlatform/flowx-user/src/main/java/com/flowx/user/service/impl/RoleServiceImpl.java:[73,17] 找不到符号
  符号:   方法 setSort(int)
  位置: 类型为com.flowx.user.entity.SysRole的变量 role
[ERROR] /D:/yangleduo/Code/Java/EnterpriseSaaSPlatform/flowx-user/src/main/java/com/flowx/user/service/impl/RoleServiceImpl.java:[75,17] 找不到符号
  符号:   方法 getDataScope()
  位置: 类型为com.flowx.user.entity.SysRole的变量 role
[ERROR] /D:/yangleduo/Code/Java/EnterpriseSaaSPlatform/flowx-user/src/main/java/com/flowx/user/service/impl/RoleServiceImpl.java:[76,17] 找不到符号
  符号:   方法 setDataScope(int)
  位置: 类型为com.flowx.user.entity.SysRole的变量 role
[ERROR] /D:/yangleduo/Code/Java/EnterpriseSaaSPlatform/flowx-user/src/main/java/com/flowx/user/service/impl/RoleServiceImpl.java:[78,17] 找不到符号
  符号:   方法 getStatus()
  位置: 类型为com.flowx.user.entity.SysRole的变量 role
[ERROR] /D:/yangleduo/Code/Java/EnterpriseSaaSPlatform/flowx-user/src/main/java/com/flowx/user/service/impl/RoleServiceImpl.java:[79,17] 找不到符号
  符号:   方法 setStatus(int)
  位置: 类型为com.flowx.user.entity.SysRole的变量 role
[ERROR] /D:/yangleduo/Code/Java/EnterpriseSaaSPlatform/flowx-user/src/main/java/com/flowx/user/service/impl/RoleServiceImpl.java:[83,9] 找不到符号
  符号:   变量 log
  位置: 类 com.flowx.user.service.impl.RoleServiceImpl
[ERROR] /D:/yangleduo/Code/Java/EnterpriseSaaSPlatform/flowx-user/src/main/java/com/flowx/user/service/impl/RoleServiceImpl.java:[83,42] 找不到符号
  符号:   方法 getRoleName()
  位置: 类型为com.flowx.user.entity.SysRole的变量 role
[ERROR] /D:/yangleduo/Code/Java/EnterpriseSaaSPlatform/flowx-user/src/main/java/com/flowx/user/service/impl/RoleServiceImpl.java:[86,41] 找不到符号
  符号:   方法 getMenuIds()
  位置: 类型为com.flowx.user.dto.RoleDTO的变量 dto
[ERROR] /D:/yangleduo/Code/Java/EnterpriseSaaSPlatform/flowx-user/src/main/java/com/flowx/user/service/impl/RoleServiceImpl.java:[87,42] 找不到符号
  符号:   方法 getMenuIds()
  位置: 类型为com.flowx.user.dto.RoleDTO的变量 dto
[ERROR] /D:/yangleduo/Code/Java/EnterpriseSaaSPlatform/flowx-user/src/main/java/com/flowx/user/service/impl/RoleServiceImpl.java:[103,36] 找不到符号
  符号:   方法 getRoleKey()
  位置: 类型为com.flowx.user.dto.RoleDTO的变量 dto
[ERROR] /D:/yangleduo/Code/Java/EnterpriseSaaSPlatform/flowx-user/src/main/java/com/flowx/user/service/impl/RoleServiceImpl.java:[103,58] 找不到符号
  符号:   方法 getRoleKey()
  位置: 类型为com.flowx.user.dto.RoleDTO的变量 dto
[ERROR] /D:/yangleduo/Code/Java/EnterpriseSaaSPlatform/flowx-user/src/main/java/com/flowx/user/service/impl/RoleServiceImpl.java:[103,83] 找不到符号
  符号:   方法 getRoleKey()
  位置: 类型为com.flowx.user.entity.SysRole的变量 role
[ERROR] /D:/yangleduo/Code/Java/EnterpriseSaaSPlatform/flowx-user/src/main/java/com/flowx/user/service/impl/RoleServiceImpl.java:[104,25] 类型com.mybatisflex.core.query.QueryWrapper不带有参数
[ERROR] /D:/yangleduo/Code/Java/EnterpriseSaaSPlatform/flowx-user/src/main/java/com/flowx/user/service/impl/RoleServiceImpl.java:[105,39] 找不到符号
  符号:   方法 getRoleKey()
  位置: 类型为com.flowx.user.dto.RoleDTO的变量 dto
[ERROR] /D:/yangleduo/Code/Java/EnterpriseSaaSPlatform/flowx-user/src/main/java/com/flowx/user/service/impl/RoleServiceImpl.java:[114,19] 找不到符号
  符号:   方法 updateById(com.flowx.user.entity.SysRole)
  位置: 类型为com.flowx.user.mapper.SysRoleMapper的变量 roleMapper
[ERROR] /D:/yangleduo/Code/Java/EnterpriseSaaSPlatform/flowx-user/src/main/java/com/flowx/user/service/impl/RoleServiceImpl.java:[115,9] 找不到符号
  符号:   变量 log
  位置: 类 com.flowx.user.service.impl.RoleServiceImpl
[ERROR] /D:/yangleduo/Code/Java/EnterpriseSaaSPlatform/flowx-user/src/main/java/com/flowx/user/service/impl/RoleServiceImpl.java:[118,16] 找不到符号
  符号:   方法 getMenuIds()
  位置: 类型为com.flowx.user.dto.RoleDTO的变量 dto
[ERROR] /D:/yangleduo/Code/Java/EnterpriseSaaSPlatform/flowx-user/src/main/java/com/flowx/user/service/impl/RoleServiceImpl.java:[119,36] 找不到符号
  符号:   方法 getMenuIds()
  位置: 类型为com.flowx.user.dto.RoleDTO的变量 dto
[ERROR] /D:/yangleduo/Code/Java/EnterpriseSaaSPlatform/flowx-user/src/main/java/com/flowx/user/service/impl/RoleServiceImpl.java:[137,21] 类型com.mybatisflex.core.query.QueryWrapper不带有参数
[ERROR] /D:/yangleduo/Code/Java/EnterpriseSaaSPlatform/flowx-user/src/main/java/com/flowx/user/service/impl/RoleServiceImpl.java:[143,9] 找不到符号
  符号:   变量 log
  位置: 类 com.flowx.user.service.impl.RoleServiceImpl
[ERROR] /D:/yangleduo/Code/Java/EnterpriseSaaSPlatform/flowx-user/src/main/java/com/flowx/user/service/impl/RoleServiceImpl.java:[150,21] 类型com.mybatisflex.core.query.QueryWrapper不带有参数
[ERROR] /D:/yangleduo/Code/Java/EnterpriseSaaSPlatform/flowx-user/src/main/java/com/flowx/user/service/impl/RoleServiceImpl.java:[166,21] 类型com.mybatisflex.core.query.QueryWrapper不带有参数
[ERROR] /D:/yangleduo/Code/Java/EnterpriseSaaSPlatform/flowx-user/src/main/java/com/flowx/user/service/impl/RoleServiceImpl.java:[174,25] 找不到符号
  符号:   方法 setRoleId(java.lang.Long)
  位置: 类型为com.flowx.user.entity.SysRoleMenu的变量 roleMenu
[ERROR] /D:/yangleduo/Code/Java/EnterpriseSaaSPlatform/flowx-user/src/main/java/com/flowx/user/service/impl/RoleServiceImpl.java:[175,25] 找不到符号
  符号:   方法 setMenuId(java.lang.Long)
  位置: 类型为com.flowx.user.entity.SysRoleMenu的变量 roleMenu
[ERROR] /D:/yangleduo/Code/Java/EnterpriseSaaSPlatform/flowx-user/src/main/java/com/flowx/user/service/impl/RoleServiceImpl.java:[178,13] 找不到符号
  符号:   变量 log
  位置: 类 com.flowx.user.service.impl.RoleServiceImpl
[ERROR] /D:/yangleduo/Code/Java/EnterpriseSaaSPlatform/flowx-user/src/main/java/com/flowx/user/service/impl/RoleServiceImpl.java:[189,21] 类型com.mybatisflex.core.query.QueryWrapper不带有参数
[ERROR] /D:/yangleduo/Code/Java/EnterpriseSaaSPlatform/flowx-user/src/main/java/com/flowx/user/service/impl/RoleServiceImpl.java:[198,22] 方法引用无效
  找不到符号
    符号:   方法 getMenuId()
    位置: 类 com.flowx.user.entity.SysRoleMenu
[ERROR] /D:/yangleduo/Code/Java/EnterpriseSaaSPlatform/flowx-user/src/main/java/com/flowx/user/service/impl/RoleServiceImpl.java:[208,11] 找不到符号
  符号:   方法 setMenuIds(java.util.List<java.lang.Long>)
  位置: 类型为com.flowx.user.vo.RoleVO的变量 vo
[ERROR] /D:/yangleduo/Code/Java/EnterpriseSaaSPlatform/flowx-user/src/main/java/com/flowx/user/service/impl/RoleServiceImpl.java:[216,21] 类型com.mybatisflex.core.query.QueryWrapper不带有参数
[ERROR] /D:/yangleduo/Code/Java/EnterpriseSaaSPlatform/flowx-user/src/main/java/com/flowx/user/service/impl/RoleServiceImpl.java:[218,41] 找不到符号
  符号:   方法 getRoleName()
  位置: 类型为com.flowx.user.dto.RoleQueryDTO的变量 queryDTO
[INFO] 100 errors 
[INFO] -------------------------------------------------------------
[INFO] ------------------------------------------------------------------------
[INFO] Reactor Summary for FlowX Platform 1.0.0-SNAPSHOT:
[INFO] 
[INFO] FlowX Platform ..................................... SUCCESS [  0.154 s]
[INFO] flowx-common ....................................... SUCCESS [  4.175 s]
[INFO] flowx-infrastructure ............................... SUCCESS [  3.182 s]
[INFO] flowx-auth ......................................... SUCCESS [  2.420 s]
[INFO] flowx-user ......................................... FAILURE [  1.379 s]
[INFO] flowx-system ....................................... SKIPPED
[INFO] flowx-workflow ..................................... SKIPPED
[INFO] flowx-message ...................................... SKIPPED
[INFO] flowx-approval ..................................... SKIPPED
[INFO] flowx-file ......................................... SKIPPED
[INFO] flowx-report ....................................... SKIPPED
[INFO] flowx-ai ........................................... SKIPPED
[INFO] flowx-admin ........................................ SKIPPED
[INFO] ------------------------------------------------------------------------
[INFO] BUILD FAILURE
[INFO] ------------------------------------------------------------------------
[INFO] Total time:  11.702 s
[INFO] Finished at: 2026-06-02T19:00:30+08:00
[INFO] ------------------------------------------------------------------------
[ERROR] Failed to execute goal org.apache.maven.plugins:maven-compiler-plugin:3.13.0:compile (default-compile) on project flowx-user: Compilation failure: Compilation failure: 
[ERROR] /D:/yangleduo/Code/Java/EnterpriseSaaSPlatform/flowx-user/src/main/java/com/flowx/user/service/impl/RoleServiceImpl.java:[215,25] 类型com.mybatisflex.core.query.QueryWrapper不带有参数
[ERROR] /D:/yangleduo/Code/Java/EnterpriseSaaSPlatform/flowx-user/src/main/java/com/flowx/user/service/impl/UserServiceImpl.java:[299,25] 类型com.mybatisflex.core.query.QueryWrapper不带有参数
[ERROR] /D:/yangleduo/Code/Java/EnterpriseSaaSPlatform/flowx-user/src/main/java/com/flowx/user/controller/RoleController.java:[98,44] 找不到符号
[ERROR]   符号:   方法 getMenuIds()
[ERROR]   位置: 类型为com.flowx.user.controller.RoleController.MenuAssignRequest的变量 request
[ERROR] /D:/yangleduo/Code/Java/EnterpriseSaaSPlatform/flowx-user/src/main/java/com/flowx/user/controller/UserController.java:[98,46] 找不到符号
[ERROR]   符号:   方法 getNewPassword()
[ERROR]   位置: 类型为com.flowx.user.controller.UserController.PasswordResetRequest的变量 request
[ERROR] /D:/yangleduo/Code/Java/EnterpriseSaaSPlatform/flowx-user/src/main/java/com/flowx/user/controller/UserController.java:[111,44] 找不到符号
[ERROR]   符号:   方法 getRoleIds()
[ERROR]   位置: 类型为com.flowx.user.controller.UserController.RoleAssignRequest的变量 request
[ERROR] /D:/yangleduo/Code/Java/EnterpriseSaaSPlatform/flowx-user/src/main/java/com/flowx/user/service/impl/DeptServiceImpl.java:[49,32] 找不到符号
[ERROR]   符号:   方法 getDeptName()
[ERROR]   位置: 类型为com.flowx.user.dto.DeptDTO的变量 dto
[ERROR] /D:/yangleduo/Code/Java/EnterpriseSaaSPlatform/flowx-user/src/main/java/com/flowx/user/service/impl/DeptServiceImpl.java:[54,17] 找不到符号
[ERROR]   符号:   方法 getSort()
[ERROR]   位置: 类型为com.flowx.user.entity.SysDept的变量 dept
[ERROR] /D:/yangleduo/Code/Java/EnterpriseSaaSPlatform/flowx-user/src/main/java/com/flowx/user/service/impl/DeptServiceImpl.java:[55,17] 找不到符号
[ERROR]   符号:   方法 setSort(int)
[ERROR]   位置: 类型为com.flowx.user.entity.SysDept的变量 dept
[ERROR] /D:/yangleduo/Code/Java/EnterpriseSaaSPlatform/flowx-user/src/main/java/com/flowx/user/service/impl/DeptServiceImpl.java:[57,17] 找不到符号
[ERROR]   符号:   方法 getOrderNum()
[ERROR]   位置: 类型为com.flowx.user.entity.SysDept的变量 dept
[ERROR] /D:/yangleduo/Code/Java/EnterpriseSaaSPlatform/flowx-user/src/main/java/com/flowx/user/service/impl/DeptServiceImpl.java:[58,17] 找不到符号
[ERROR]   符号:   方法 setOrderNum(int)
[ERROR]   位置: 类型为com.flowx.user.entity.SysDept的变量 dept
[ERROR] /D:/yangleduo/Code/Java/EnterpriseSaaSPlatform/flowx-user/src/main/java/com/flowx/user/service/impl/DeptServiceImpl.java:[60,17] 找不到符号
[ERROR]   符号:   方法 getStatus()
[ERROR]   位置: 类型为com.flowx.user.entity.SysDept的变量 dept
[ERROR] /D:/yangleduo/Code/Java/EnterpriseSaaSPlatform/flowx-user/src/main/java/com/flowx/user/service/impl/DeptServiceImpl.java:[61,17] 找不到符号
[ERROR]   符号:   方法 setStatus(int)
[ERROR]   位置: 类型为com.flowx.user.entity.SysDept的变量 dept
[ERROR] /D:/yangleduo/Code/Java/EnterpriseSaaSPlatform/flowx-user/src/main/java/com/flowx/user/service/impl/DeptServiceImpl.java:[65,9] 找不到符号
[ERROR]   符号:   变量 log
[ERROR]   位置: 类 com.flowx.user.service.impl.DeptServiceImpl
[ERROR] /D:/yangleduo/Code/Java/EnterpriseSaaSPlatform/flowx-user/src/main/java/com/flowx/user/service/impl/DeptServiceImpl.java:[65,48] 找不到符号
[ERROR]   符号:   方法 getDeptName()
[ERROR]   位置: 类型为com.flowx.user.entity.SysDept的变量 dept
[ERROR] /D:/yangleduo/Code/Java/EnterpriseSaaSPlatform/flowx-user/src/main/java/com/flowx/user/service/impl/DeptServiceImpl.java:[79,16] 找不到符号
[ERROR]   符号:   方法 getParentId()
[ERROR]   位置: 类型为com.flowx.user.dto.DeptDTO的变量 dto
[ERROR] /D:/yangleduo/Code/Java/EnterpriseSaaSPlatform/flowx-user/src/main/java/com/flowx/user/service/impl/DeptServiceImpl.java:[79,45] 找不到符号
[ERROR]   符号:   方法 getParentId()
[ERROR]   位置: 类型为com.flowx.user.dto.DeptDTO的变量 dto
[ERROR] /D:/yangleduo/Code/Java/EnterpriseSaaSPlatform/flowx-user/src/main/java/com/flowx/user/service/impl/DeptServiceImpl.java:[84,19] 找不到符号
[ERROR]   符号:   方法 updateById(com.flowx.user.entity.SysDept)
[ERROR]   位置: 类型为com.flowx.user.mapper.SysDeptMapper的变量 deptMapper
[ERROR] /D:/yangleduo/Code/Java/EnterpriseSaaSPlatform/flowx-user/src/main/java/com/flowx/user/service/impl/DeptServiceImpl.java:[85,9] 找不到符号
[ERROR]   符号:   变量 log
[ERROR]   位置: 类 com.flowx.user.service.impl.DeptServiceImpl
[ERROR] /D:/yangleduo/Code/Java/EnterpriseSaaSPlatform/flowx-user/src/main/java/com/flowx/user/service/impl/DeptServiceImpl.java:[96,21] 类型com.mybatisflex.core.query.QueryWrapper不带有参数
[ERROR] /D:/yangleduo/Code/Java/EnterpriseSaaSPlatform/flowx-user/src/main/java/com/flowx/user/service/impl/DeptServiceImpl.java:[105,9] 找不到符号
[ERROR]   符号:   变量 log
[ERROR]   位置: 类 com.flowx.user.service.impl.DeptServiceImpl
[ERROR] /D:/yangleduo/Code/Java/EnterpriseSaaSPlatform/flowx-user/src/main/java/com/flowx/user/service/impl/DeptServiceImpl.java:[110,21] 类型com.mybatisflex.core.query.QueryWrapper不带有参数
[ERROR] /D:/yangleduo/Code/Java/EnterpriseSaaSPlatform/flowx-user/src/main/java/com/flowx/user/service/impl/DeptServiceImpl.java:[118,21] 类型com.mybatisflex.core.query.QueryWrapper不带有参数
[ERROR] /D:/yangleduo/Code/Java/EnterpriseSaaSPlatform/flowx-user/src/main/java/com/flowx/user/service/impl/DeptServiceImpl.java:[136,37] 找不到符号
[ERROR]   符号:   方法 getParentId()
[ERROR]   位置: 类型为com.flowx.user.vo.DeptVO的变量 dept
[ERROR] /D:/yangleduo/Code/Java/EnterpriseSaaSPlatform/flowx-user/src/main/java/com/flowx/user/service/impl/DeptServiceImpl.java:[137,66] 找不到符号
[ERROR]   符号:   方法 getId()
[ERROR]   位置: 类型为com.flowx.user.vo.DeptVO的变量 dept
[ERROR] /D:/yangleduo/Code/Java/EnterpriseSaaSPlatform/flowx-user/src/main/java/com/flowx/user/service/impl/DeptServiceImpl.java:[138,21] 找不到符号
[ERROR]   符号:   方法 setChildren(java.util.List<com.flowx.user.vo.DeptVO>)
[ERROR]   位置: 类型为com.flowx.user.vo.DeptVO的变量 dept
[ERROR] /D:/yangleduo/Code/Java/EnterpriseSaaSPlatform/flowx-user/src/main/java/com/flowx/user/service/impl/MenuServiceImpl.java:[49,32] 找不到符号
[ERROR]   符号:   方法 getMenuName()
[ERROR]   位置: 类型为com.flowx.user.dto.MenuDTO的变量 dto
[ERROR] /D:/yangleduo/Code/Java/EnterpriseSaaSPlatform/flowx-user/src/main/java/com/flowx/user/service/impl/MenuServiceImpl.java:[50,31] 找不到符号
[ERROR]   符号:   方法 getMenuType()
[ERROR]   位置: 类型为com.flowx.user.dto.MenuDTO的变量 dto
[ERROR] /D:/yangleduo/Code/Java/EnterpriseSaaSPlatform/flowx-user/src/main/java/com/flowx/user/service/impl/MenuServiceImpl.java:[55,17] 找不到符号
[ERROR]   符号:   方法 getSort()
[ERROR]   位置: 类型为com.flowx.user.entity.SysMenu的变量 menu
[ERROR] /D:/yangleduo/Code/Java/EnterpriseSaaSPlatform/flowx-user/src/main/java/com/flowx/user/service/impl/MenuServiceImpl.java:[56,17] 找不到符号
[ERROR]   符号:   方法 setSort(int)
[ERROR]   位置: 类型为com.flowx.user.entity.SysMenu的变量 menu
[ERROR] /D:/yangleduo/Code/Java/EnterpriseSaaSPlatform/flowx-user/src/main/java/com/flowx/user/service/impl/MenuServiceImpl.java:[58,17] 找不到符号
[ERROR]   符号:   方法 getVisible()
[ERROR]   位置: 类型为com.flowx.user.entity.SysMenu的变量 menu
[ERROR] /D:/yangleduo/Code/Java/EnterpriseSaaSPlatform/flowx-user/src/main/java/com/flowx/user/service/impl/MenuServiceImpl.java:[59,17] 找不到符号
[ERROR]   符号:   方法 setVisible(int)
[ERROR]   位置: 类型为com.flowx.user.entity.SysMenu的变量 menu
[ERROR] /D:/yangleduo/Code/Java/EnterpriseSaaSPlatform/flowx-user/src/main/java/com/flowx/user/service/impl/MenuServiceImpl.java:[61,17] 找不到符号
[ERROR]   符号:   方法 getStatus()
[ERROR]   位置: 类型为com.flowx.user.entity.SysMenu的变量 menu
[ERROR] /D:/yangleduo/Code/Java/EnterpriseSaaSPlatform/flowx-user/src/main/java/com/flowx/user/service/impl/MenuServiceImpl.java:[62,17] 找不到符号
[ERROR]   符号:   方法 setStatus(int)
[ERROR]   位置: 类型为com.flowx.user.entity.SysMenu的变量 menu
[ERROR] /D:/yangleduo/Code/Java/EnterpriseSaaSPlatform/flowx-user/src/main/java/com/flowx/user/service/impl/MenuServiceImpl.java:[66,9] 找不到符号
[ERROR]   符号:   变量 log
[ERROR]   位置: 类 com.flowx.user.service.impl.MenuServiceImpl
[ERROR] /D:/yangleduo/Code/Java/EnterpriseSaaSPlatform/flowx-user/src/main/java/com/flowx/user/service/impl/MenuServiceImpl.java:[66,42] 找不到符号
[ERROR]   符号:   方法 getMenuName()
[ERROR]   位置: 类型为com.flowx.user.entity.SysMenu的变量 menu
[ERROR] /D:/yangleduo/Code/Java/EnterpriseSaaSPlatform/flowx-user/src/main/java/com/flowx/user/service/impl/MenuServiceImpl.java:[80,16] 找不到符号
[ERROR]   符号:   方法 getParentId()
[ERROR]   位置: 类型为com.flowx.user.dto.MenuDTO的变量 dto
[ERROR] /D:/yangleduo/Code/Java/EnterpriseSaaSPlatform/flowx-user/src/main/java/com/flowx/user/service/impl/MenuServiceImpl.java:[80,45] 找不到符号
[ERROR]   符号:   方法 getParentId()
[ERROR]   位置: 类型为com.flowx.user.dto.MenuDTO的变量 dto
[ERROR] /D:/yangleduo/Code/Java/EnterpriseSaaSPlatform/flowx-user/src/main/java/com/flowx/user/service/impl/MenuServiceImpl.java:[85,19] 找不到符号
[ERROR]   符号:   方法 updateById(com.flowx.user.entity.SysMenu)
[ERROR]   位置: 类型为com.flowx.user.mapper.SysMenuMapper的变量 menuMapper
[ERROR] /D:/yangleduo/Code/Java/EnterpriseSaaSPlatform/flowx-user/src/main/java/com/flowx/user/service/impl/MenuServiceImpl.java:[86,9] 找不到符号
[ERROR]   符号:   变量 log
[ERROR]   位置: 类 com.flowx.user.service.impl.MenuServiceImpl
[ERROR] /D:/yangleduo/Code/Java/EnterpriseSaaSPlatform/flowx-user/src/main/java/com/flowx/user/service/impl/MenuServiceImpl.java:[97,21] 类型com.mybatisflex.core.query.QueryWrapper不带有参数
[ERROR] /D:/yangleduo/Code/Java/EnterpriseSaaSPlatform/flowx-user/src/main/java/com/flowx/user/service/impl/MenuServiceImpl.java:[106,9] 找不到符号
[ERROR]   符号:   变量 log
[ERROR]   位置: 类 com.flowx.user.service.impl.MenuServiceImpl
[ERROR] /D:/yangleduo/Code/Java/EnterpriseSaaSPlatform/flowx-user/src/main/java/com/flowx/user/service/impl/MenuServiceImpl.java:[111,21] 类型com.mybatisflex.core.query.QueryWrapper不带有参数
[ERROR] /D:/yangleduo/Code/Java/EnterpriseSaaSPlatform/flowx-user/src/main/java/com/flowx/user/service/impl/MenuServiceImpl.java:[145,58] 找不到符号
[ERROR]   符号:   方法 getPermission()
[ERROR]   位置: 类型为com.flowx.user.entity.SysMenu的变量 menu
[ERROR] /D:/yangleduo/Code/Java/EnterpriseSaaSPlatform/flowx-user/src/main/java/com/flowx/user/service/impl/MenuServiceImpl.java:[165,37] 找不到符号
[ERROR]   符号:   方法 getParentId()
[ERROR]   位置: 类型为com.flowx.user.vo.MenuVO的变量 menu
[ERROR] /D:/yangleduo/Code/Java/EnterpriseSaaSPlatform/flowx-user/src/main/java/com/flowx/user/service/impl/MenuServiceImpl.java:[166,66] 找不到符号
[ERROR]   符号:   方法 getId()
[ERROR]   位置: 类型为com.flowx.user.vo.MenuVO的变量 menu
[ERROR] /D:/yangleduo/Code/Java/EnterpriseSaaSPlatform/flowx-user/src/main/java/com/flowx/user/service/impl/MenuServiceImpl.java:[167,21] 找不到符号
[ERROR]   符号:   方法 setChildren(java.util.List<com.flowx.user.vo.MenuVO>)
[ERROR]   位置: 类型为com.flowx.user.vo.MenuVO的变量 menu
[ERROR] /D:/yangleduo/Code/Java/EnterpriseSaaSPlatform/flowx-user/src/main/java/com/flowx/user/service/impl/PositionServiceImpl.java:[47,32] 找不到符号
[ERROR]   符号:   方法 getPositionName()
[ERROR]   位置: 类型为com.flowx.user.dto.PositionDTO的变量 dto
[ERROR] /D:/yangleduo/Code/Java/EnterpriseSaaSPlatform/flowx-user/src/main/java/com/flowx/user/service/impl/PositionServiceImpl.java:[48,32] 找不到符号
[ERROR]   符号:   方法 getPositionCode()
[ERROR]   位置: 类型为com.flowx.user.dto.PositionDTO的变量 dto
[ERROR] /D:/yangleduo/Code/Java/EnterpriseSaaSPlatform/flowx-user/src/main/java/com/flowx/user/service/impl/PositionServiceImpl.java:[51,21] 类型com.mybatisflex.core.query.QueryWrapper不带有参数
[ERROR] /D:/yangleduo/Code/Java/EnterpriseSaaSPlatform/flowx-user/src/main/java/com/flowx/user/service/impl/PositionServiceImpl.java:[52,40] 找不到符号
[ERROR]   符号:   方法 getPositionCode()
[ERROR]   位置: 类型为com.flowx.user.dto.PositionDTO的变量 dto
[ERROR] /D:/yangleduo/Code/Java/EnterpriseSaaSPlatform/flowx-user/src/main/java/com/flowx/user/service/impl/PositionServiceImpl.java:[61,21] 找不到符号
[ERROR]   符号:   方法 getSort()
[ERROR]   位置: 类型为com.flowx.user.entity.SysPosition的变量 position
[ERROR] /D:/yangleduo/Code/Java/EnterpriseSaaSPlatform/flowx-user/src/main/java/com/flowx/user/service/impl/PositionServiceImpl.java:[62,21] 找不到符号
[ERROR]   符号:   方法 setSort(int)
[ERROR]   位置: 类型为com.flowx.user.entity.SysPosition的变量 position
[ERROR] /D:/yangleduo/Code/Java/EnterpriseSaaSPlatform/flowx-user/src/main/java/com/flowx/user/service/impl/PositionServiceImpl.java:[64,21] 找不到符号
[ERROR]   符号:   方法 getStatus()
[ERROR]   位置: 类型为com.flowx.user.entity.SysPosition的变量 position
[ERROR] /D:/yangleduo/Code/Java/EnterpriseSaaSPlatform/flowx-user/src/main/java/com/flowx/user/service/impl/PositionServiceImpl.java:[65,21] 找不到符号
[ERROR]   符号:   方法 setStatus(int)
[ERROR]   位置: 类型为com.flowx.user.entity.SysPosition的变量 position
[ERROR] /D:/yangleduo/Code/Java/EnterpriseSaaSPlatform/flowx-user/src/main/java/com/flowx/user/service/impl/PositionServiceImpl.java:[69,9] 找不到符号
[ERROR]   符号:   变量 log
[ERROR]   位置: 类 com.flowx.user.service.impl.PositionServiceImpl
[ERROR] /D:/yangleduo/Code/Java/EnterpriseSaaSPlatform/flowx-user/src/main/java/com/flowx/user/service/impl/PositionServiceImpl.java:[69,50] 找不到符号
[ERROR]   符号:   方法 getPositionName()
[ERROR]   位置: 类型为com.flowx.user.entity.SysPosition的变量 position
[ERROR] /D:/yangleduo/Code/Java/EnterpriseSaaSPlatform/flowx-user/src/main/java/com/flowx/user/service/impl/PositionServiceImpl.java:[83,36] 找不到符号
[ERROR]   符号:   方法 getPositionCode()
[ERROR]   位置: 类型为com.flowx.user.dto.PositionDTO的变量 dto
[ERROR] /D:/yangleduo/Code/Java/EnterpriseSaaSPlatform/flowx-user/src/main/java/com/flowx/user/service/impl/PositionServiceImpl.java:[83,63] 找不到符号
[ERROR]   符号:   方法 getPositionCode()
[ERROR]   位置: 类型为com.flowx.user.dto.PositionDTO的变量 dto
[ERROR] /D:/yangleduo/Code/Java/EnterpriseSaaSPlatform/flowx-user/src/main/java/com/flowx/user/service/impl/PositionServiceImpl.java:[83,97] 找不到符号
[ERROR]   符号:   方法 getPositionCode()
[ERROR]   位置: 类型为com.flowx.user.entity.SysPosition的变量 position
[ERROR] /D:/yangleduo/Code/Java/EnterpriseSaaSPlatform/flowx-user/src/main/java/com/flowx/user/service/impl/PositionServiceImpl.java:[84,25] 类型com.mybatisflex.core.query.QueryWrapper不带有参数
[ERROR] /D:/yangleduo/Code/Java/EnterpriseSaaSPlatform/flowx-user/src/main/java/com/flowx/user/service/impl/PositionServiceImpl.java:[85,44] 找不到符号
[ERROR]   符号:   方法 getPositionCode()
[ERROR]   位置: 类型为com.flowx.user.dto.PositionDTO的变量 dto
[ERROR] /D:/yangleduo/Code/Java/EnterpriseSaaSPlatform/flowx-user/src/main/java/com/flowx/user/service/impl/PositionServiceImpl.java:[94,23] 找不到符号
[ERROR]   符号:   方法 updateById(com.flowx.user.entity.SysPosition)
[ERROR]   位置: 类型为com.flowx.user.mapper.SysPositionMapper的变量 positionMapper
[ERROR] /D:/yangleduo/Code/Java/EnterpriseSaaSPlatform/flowx-user/src/main/java/com/flowx/user/service/impl/PositionServiceImpl.java:[95,9] 找不到符号
[ERROR]   符号:   变量 log
[ERROR]   位置: 类 com.flowx.user.service.impl.PositionServiceImpl
[ERROR] /D:/yangleduo/Code/Java/EnterpriseSaaSPlatform/flowx-user/src/main/java/com/flowx/user/service/impl/PositionServiceImpl.java:[107,9] 找不到符号
[ERROR]   符号:   变量 log
[ERROR]   位置: 类 com.flowx.user.service.impl.PositionServiceImpl
[ERROR] /D:/yangleduo/Code/Java/EnterpriseSaaSPlatform/flowx-user/src/main/java/com/flowx/user/service/impl/PositionServiceImpl.java:[112,21] 类型com.mybatisflex.core.query.QueryWrapper不带有参数
[ERROR] /D:/yangleduo/Code/Java/EnterpriseSaaSPlatform/flowx-user/src/main/java/com/flowx/user/service/impl/RoleServiceImpl.java:[58,32] 找不到符号
[ERROR]   符号:   方法 getRoleName()
[ERROR]   位置: 类型为com.flowx.user.dto.RoleDTO的变量 dto
[ERROR] /D:/yangleduo/Code/Java/EnterpriseSaaSPlatform/flowx-user/src/main/java/com/flowx/user/service/impl/RoleServiceImpl.java:[59,32] 找不到符号
[ERROR]   符号:   方法 getRoleKey()
[ERROR]   位置: 类型为com.flowx.user.dto.RoleDTO的变量 dto
[ERROR] /D:/yangleduo/Code/Java/EnterpriseSaaSPlatform/flowx-user/src/main/java/com/flowx/user/service/impl/RoleServiceImpl.java:[62,21] 类型com.mybatisflex.core.query.QueryWrapper不带有参数
[ERROR] /D:/yangleduo/Code/Java/EnterpriseSaaSPlatform/flowx-user/src/main/java/com/flowx/user/service/impl/RoleServiceImpl.java:[63,35] 找不到符号
[ERROR]   符号:   方法 getRoleKey()
[ERROR]   位置: 类型为com.flowx.user.dto.RoleDTO的变量 dto
[ERROR] /D:/yangleduo/Code/Java/EnterpriseSaaSPlatform/flowx-user/src/main/java/com/flowx/user/service/impl/RoleServiceImpl.java:[72,17] 找不到符号
[ERROR]   符号:   方法 getSort()
[ERROR]   位置: 类型为com.flowx.user.entity.SysRole的变量 role
[ERROR] /D:/yangleduo/Code/Java/EnterpriseSaaSPlatform/flowx-user/src/main/java/com/flowx/user/service/impl/RoleServiceImpl.java:[73,17] 找不到符号
[ERROR]   符号:   方法 setSort(int)
[ERROR]   位置: 类型为com.flowx.user.entity.SysRole的变量 role
[ERROR] /D:/yangleduo/Code/Java/EnterpriseSaaSPlatform/flowx-user/src/main/java/com/flowx/user/service/impl/RoleServiceImpl.java:[75,17] 找不到符号
[ERROR]   符号:   方法 getDataScope()
[ERROR]   位置: 类型为com.flowx.user.entity.SysRole的变量 role
[ERROR] /D:/yangleduo/Code/Java/EnterpriseSaaSPlatform/flowx-user/src/main/java/com/flowx/user/service/impl/RoleServiceImpl.java:[76,17] 找不到符号
[ERROR]   符号:   方法 setDataScope(int)
[ERROR]   位置: 类型为com.flowx.user.entity.SysRole的变量 role
[ERROR] /D:/yangleduo/Code/Java/EnterpriseSaaSPlatform/flowx-user/src/main/java/com/flowx/user/service/impl/RoleServiceImpl.java:[78,17] 找不到符号
[ERROR]   符号:   方法 getStatus()
[ERROR]   位置: 类型为com.flowx.user.entity.SysRole的变量 role
[ERROR] /D:/yangleduo/Code/Java/EnterpriseSaaSPlatform/flowx-user/src/main/java/com/flowx/user/service/impl/RoleServiceImpl.java:[79,17] 找不到符号
[ERROR]   符号:   方法 setStatus(int)
[ERROR]   位置: 类型为com.flowx.user.entity.SysRole的变量 role
[ERROR] /D:/yangleduo/Code/Java/EnterpriseSaaSPlatform/flowx-user/src/main/java/com/flowx/user/service/impl/RoleServiceImpl.java:[83,9] 找不到符号
[ERROR]   符号:   变量 log
[ERROR]   位置: 类 com.flowx.user.service.impl.RoleServiceImpl
[ERROR] /D:/yangleduo/Code/Java/EnterpriseSaaSPlatform/flowx-user/src/main/java/com/flowx/user/service/impl/RoleServiceImpl.java:[83,42] 找不到符号
[ERROR]   符号:   方法 getRoleName()
[ERROR]   位置: 类型为com.flowx.user.entity.SysRole的变量 role
[ERROR] /D:/yangleduo/Code/Java/EnterpriseSaaSPlatform/flowx-user/src/main/java/com/flowx/user/service/impl/RoleServiceImpl.java:[86,41] 找不到符号
[ERROR]   符号:   方法 getMenuIds()
[ERROR]   位置: 类型为com.flowx.user.dto.RoleDTO的变量 dto
[ERROR] /D:/yangleduo/Code/Java/EnterpriseSaaSPlatform/flowx-user/src/main/java/com/flowx/user/service/impl/RoleServiceImpl.java:[87,42] 找不到符号
[ERROR]   符号:   方法 getMenuIds()
[ERROR]   位置: 类型为com.flowx.user.dto.RoleDTO的变量 dto
[ERROR] /D:/yangleduo/Code/Java/EnterpriseSaaSPlatform/flowx-user/src/main/java/com/flowx/user/service/impl/RoleServiceImpl.java:[103,36] 找不到符号
[ERROR]   符号:   方法 getRoleKey()
[ERROR]   位置: 类型为com.flowx.user.dto.RoleDTO的变量 dto
[ERROR] /D:/yangleduo/Code/Java/EnterpriseSaaSPlatform/flowx-user/src/main/java/com/flowx/user/service/impl/RoleServiceImpl.java:[103,58] 找不到符号
[ERROR]   符号:   方法 getRoleKey()
[ERROR]   位置: 类型为com.flowx.user.dto.RoleDTO的变量 dto
[ERROR] /D:/yangleduo/Code/Java/EnterpriseSaaSPlatform/flowx-user/src/main/java/com/flowx/user/service/impl/RoleServiceImpl.java:[103,83] 找不到符号
[ERROR]   符号:   方法 getRoleKey()
[ERROR]   位置: 类型为com.flowx.user.entity.SysRole的变量 role
[ERROR] /D:/yangleduo/Code/Java/EnterpriseSaaSPlatform/flowx-user/src/main/java/com/flowx/user/service/impl/RoleServiceImpl.java:[104,25] 类型com.mybatisflex.core.query.QueryWrapper不带有参数
[ERROR] /D:/yangleduo/Code/Java/EnterpriseSaaSPlatform/flowx-user/src/main/java/com/flowx/user/service/impl/RoleServiceImpl.java:[105,39] 找不到符号
[ERROR]   符号:   方法 getRoleKey()
[ERROR]   位置: 类型为com.flowx.user.dto.RoleDTO的变量 dto
[ERROR] /D:/yangleduo/Code/Java/EnterpriseSaaSPlatform/flowx-user/src/main/java/com/flowx/user/service/impl/RoleServiceImpl.java:[114,19] 找不到符号
[ERROR]   符号:   方法 updateById(com.flowx.user.entity.SysRole)
[ERROR]   位置: 类型为com.flowx.user.mapper.SysRoleMapper的变量 roleMapper
[ERROR] /D:/yangleduo/Code/Java/EnterpriseSaaSPlatform/flowx-user/src/main/java/com/flowx/user/service/impl/RoleServiceImpl.java:[115,9] 找不到符号
[ERROR]   符号:   变量 log
[ERROR]   位置: 类 com.flowx.user.service.impl.RoleServiceImpl
[ERROR] /D:/yangleduo/Code/Java/EnterpriseSaaSPlatform/flowx-user/src/main/java/com/flowx/user/service/impl/RoleServiceImpl.java:[118,16] 找不到符号
[ERROR]   符号:   方法 getMenuIds()
[ERROR]   位置: 类型为com.flowx.user.dto.RoleDTO的变量 dto
[ERROR] /D:/yangleduo/Code/Java/EnterpriseSaaSPlatform/flowx-user/src/main/java/com/flowx/user/service/impl/RoleServiceImpl.java:[119,36] 找不到符号
[ERROR]   符号:   方法 getMenuIds()
[ERROR]   位置: 类型为com.flowx.user.dto.RoleDTO的变量 dto
[ERROR] /D:/yangleduo/Code/Java/EnterpriseSaaSPlatform/flowx-user/src/main/java/com/flowx/user/service/impl/RoleServiceImpl.java:[137,21] 类型com.mybatisflex.core.query.QueryWrapper不带有参数
[ERROR] /D:/yangleduo/Code/Java/EnterpriseSaaSPlatform/flowx-user/src/main/java/com/flowx/user/service/impl/RoleServiceImpl.java:[143,9] 找不到符号
[ERROR]   符号:   变量 log
[ERROR]   位置: 类 com.flowx.user.service.impl.RoleServiceImpl
[ERROR] /D:/yangleduo/Code/Java/EnterpriseSaaSPlatform/flowx-user/src/main/java/com/flowx/user/service/impl/RoleServiceImpl.java:[150,21] 类型com.mybatisflex.core.query.QueryWrapper不带有参数
[ERROR] /D:/yangleduo/Code/Java/EnterpriseSaaSPlatform/flowx-user/src/main/java/com/flowx/user/service/impl/RoleServiceImpl.java:[166,21] 类型com.mybatisflex.core.query.QueryWrapper不带有参数
[ERROR] /D:/yangleduo/Code/Java/EnterpriseSaaSPlatform/flowx-user/src/main/java/com/flowx/user/service/impl/RoleServiceImpl.java:[174,25] 找不到符号
[ERROR]   符号:   方法 setRoleId(java.lang.Long)
[ERROR]   位置: 类型为com.flowx.user.entity.SysRoleMenu的变量 roleMenu
[ERROR] /D:/yangleduo/Code/Java/EnterpriseSaaSPlatform/flowx-user/src/main/java/com/flowx/user/service/impl/RoleServiceImpl.java:[175,25] 找不到符号
[ERROR]   符号:   方法 setMenuId(java.lang.Long)
[ERROR]   位置: 类型为com.flowx.user.entity.SysRoleMenu的变量 roleMenu
[ERROR] /D:/yangleduo/Code/Java/EnterpriseSaaSPlatform/flowx-user/src/main/java/com/flowx/user/service/impl/RoleServiceImpl.java:[178,13] 找不到符号
[ERROR]   符号:   变量 log
[ERROR]   位置: 类 com.flowx.user.service.impl.RoleServiceImpl
[ERROR] /D:/yangleduo/Code/Java/EnterpriseSaaSPlatform/flowx-user/src/main/java/com/flowx/user/service/impl/RoleServiceImpl.java:[189,21] 类型com.mybatisflex.core.query.QueryWrapper不带有参数
[ERROR] /D:/yangleduo/Code/Java/EnterpriseSaaSPlatform/flowx-user/src/main/java/com/flowx/user/service/impl/RoleServiceImpl.java:[198,22] 方法引用无效
[ERROR]   找不到符号
[ERROR]     符号:   方法 getMenuId()
[ERROR]     位置: 类 com.flowx.user.entity.SysRoleMenu
[ERROR] /D:/yangleduo/Code/Java/EnterpriseSaaSPlatform/flowx-user/src/main/java/com/flowx/user/service/impl/RoleServiceImpl.java:[208,11] 找不到符号
[ERROR]   符号:   方法 setMenuIds(java.util.List<java.lang.Long>)
[ERROR]   位置: 类型为com.flowx.user.vo.RoleVO的变量 vo
[ERROR] /D:/yangleduo/Code/Java/EnterpriseSaaSPlatform/flowx-user/src/main/java/com/flowx/user/service/impl/RoleServiceImpl.java:[216,21] 类型com.mybatisflex.core.query.QueryWrapper不带有参数
[ERROR] /D:/yangleduo/Code/Java/EnterpriseSaaSPlatform/flowx-user/src/main/java/com/flowx/user/service/impl/RoleServiceImpl.java:[218,41] 找不到符号
[ERROR]   符号:   方法 getRoleName()
[ERROR]   位置: 类型为com.flowx.user.dto.RoleQueryDTO的变量 queryDTO
[ERROR] -> [Help 1]
[ERROR] 
[ERROR] To see the full stack trace of the errors, re-run Maven with the -e switch.
[ERROR] Re-run Maven using the -X switch to enable full debug logging.
[ERROR] 
[ERROR] For more information about the errors and possible solutions, please read the following articles:
[ERROR] [Help 1] http://cwiki.apache.org/confluence/display/MAVEN/MojoFailureException
[ERROR] 
[ERROR] After correcting the problems, you can resume the build with the command
[ERROR]   mvn <args> -rf :flowx-user
